#
# A fatal error has been detected by the Java Runtime Environment:
#
#  SIGSEGV (0xb) at pc=0x0000000000000000, pid=70483, tid=70545
#
# JRE version: OpenJDK Runtime Environment (26.0.2) (build 26.0.2)
# Java VM: OpenJDK 64-Bit Server VM (26.0.2, mixed mode, sharing, tiered, compressed oops, compressed class ptrs, g1 gc, linux-amd64)
# Problematic frame:
# C  [libopenal64.so+0x204d1]  aluMixData+0xd1
#
# Core dump will be written. Default location: Determined by the following: "/usr/lib/systemd/systemd-coredump %P %u %g %s %t %c %h %d %F %I" (alternatively, falling back to /home/mirtemir/AOC2/AoC II MEGAMOD v6.0/core.70483)
#
# If you would like to submit a bug report, please visit:
#   https://bugreport.java.com/bugreport/crash.jsp
#

---------------  S U M M A R Y ------------

Command Line: BE2.jar

Host: 13th Gen Intel(R) Core(TM) i5-13420H, 12 cores, 15G, CentOS Linux release 7.9.2009 (Core)
Time: Tue Aug 25 17:47:26 2026 +06 elapsed time: 85.264090 seconds (0d 0h 1m 25s)

---------------  T H R E A D  ---------------

Current thread is native thread

Stack: [0x00007f28c1eff000,0x00007f28c1fff000],  sp=0x00007f28c1ffdc70,  free space=1019k
Native frames: (J=compiled Java code, j=interpreted, Vv=VM code, C=native code)
C  [libopenal64.so+0x204d1]  aluMixData+0xd1

siginfo: si_signo: 11 (SIGSEGV), si_code: 1 (SEGV_MAPERR), si_addr: 0x0000000000000000

Registers:
RAX=0x00007f28c30577c0, RBX=0x0000000000000400, RCX=0x0000000000000000, RDX=0x00007f2910285c80
RSP=0x00007f28c1ffdc68, RBP=0x00007f2910271af0, RSI=0x0000000000000000, RDI=0x00007f2910271af0
R8 =0x00007f2910289e80, R9 =0x00007f28bde00000, R10=0x00007f28c1ffddb0, R11=0x0000000000000202
R12=0x00007f2910275c80, R13=0x0000000000012000, R14=0x0000000000001000, R15=0x00007f28c1ffde18
RIP=0x0000000000000000, EFLAGS=0x0000000000010246, CSGSFS=0x002b000000000033, ERR=0x0000000000000014
  TRAPNO=0x000000000000000e

XMM[0]=0x0000000000000000 0x0000000000000000
XMM[1]=0x0000000000000000 0x0000000000000000
XMM[2]=0x0000000000000000 0x00000000bb800000
XMM[3]=0x0000000000000000 0x0000000038000000
XMM[4]=0x0000000000000000 0x00000000bb800000
XMM[5]=0x0000000000000000 0x000000003efd70a4
XMM[6]=0x0000000000000000 0x000000003efd70a4
XMM[7]=0x0000000000000000 0x00000000442b6666
XMM[8]=0x0000000000000000 0x000000003f800000
XMM[9]=0x0000000000000000 0x0000000080000000
XMM[10]=0x0000000000000000 0x0000000000000000
XMM[11]=0x0000000000000000 0x0000000043aba666
XMM[12]=0x0000000000000000 0x0000000000000000
XMM[13]=0x0000000000000000 0x0000000080000000
XMM[14]=0x0000000000000000 0x0000000080000000
XMM[15]=0x0000000000000000 0x000000003f800000
  MXCSR=0x00009fa2


Top of Stack: (sp=0x00007f28c1ffdc68)
0x00007f28c1ffdc68:   00007f28c2e204d1 00007f28c1ffe9c8   ....(.......(...
0x00007f28c1ffdc78:   0000000000000000 00005596bb800000   .............U..
0x00007f28c1ffdc88:   00007f28c1ffe6c0 00007f2800000000   ....(.......(...
0x00007f28c1ffdc98:   00007f291873f2b2 00007f28c1ffe9c8   ..s.).......(...
0x00007f28c1ffdca8:   0000000000000000 00007f28cc001ba0   ............(...
0x00007f28c1ffdcb8:   00007f28c1ffe6c0 0000000000000000   ....(...........
0x00007f28c1ffdcc8:   00007f28c353d409 0000000000000000   ..S.(...........
0x00007f28c1ffdcd8:   0000000000002000 0000000000000000   . ..............
0x00007f28c1ffdce8:   0000000000000000 00007f2910270560   ........`.'.)...
0x00007f28c1ffdcf8:   00007f28e805ff1f 570000000000224f   ....(...O".....W
0x00007f28c1ffdd08:   acc091def1f15900 0000000000002000   .Y....... ......
0x00007f28c1ffdd18:   0000000000000000 0000000000002000   ......... ......
0x00007f28c1ffdd28:   00007f28c354086a 00007f291025c540   j.T.(...@.%.)...
0x00007f28c1ffdd38:   00007f28c35557db 00007f2800000000   .WU.(.......(...
0x00007f28c1ffdd48:   00007f2800000000 0000000000002000   ....(.... ......
0x00007f28c1ffdd58:   00007f2910275c80 00007f2910275c80   .\'.)....\'.)...
0x00007f28c1ffdd68:   00007f291870270a 0000000000002000   .'p.).... ......
0x00007f28c1ffdd78:   00007f28bde00040 00000400c1ffde10   @...(...........
0x00007f28c1ffdd88:   00007f28c1ffdda0 00007f28c356f940   ....(...@.V.(...
0x00007f28c1ffdd98:   00007f28e806c0e0 00001fa20000037f   ....(...........
0x00007f28c1ffdda8:   00007f2910270560 00007f28c1ffde18   `.'.).......(...
0x00007f28c1ffddb8:   0000000000002000 00007f29102632c0   . .......2&.)...
0x00007f28c1ffddc8:   0000000000000000 00007f2910271af0   ..........'.)...
0x00007f28c1ffddd8:   0000000000000008 00007f28c1ffde18   ............(...
0x00007f28c1ffdde8:   00007f28c2e36544 0000000000000000   De..(...........
0x00007f28c1ffddf8:   00007f28c1ffde10 0000000000002000   ....(.... ......
0x00007f28c1ffde08:   0000000000006000 00007f28bde00040   .`......@...(...
0x00007f28c1ffde18:   0000000000002000 0000000000000000   . ..............
0x00007f28c1ffde28:   00007f2910270240 0000000000000021   @.'.)...!.......
0x00007f28c1ffde38:   00007f29169fe080 00007f29169fe270   ....)...p...)...
0x00007f28c1ffde48:   0000000000000058 00007f29169fe187   X...........)...
0x00007f28c1ffde58:   00007f28c2e2973a 00007f28c1ffece4   :...(.......(...

Instructions: (pc=0x00007f28c2e204d1)
  0x00007f28c2e203d1:   00 00 00 00 75 da 44 89 4c 24 0c b8 02 00 00 00
  0x00007f28c2e203e1:   4c 8d 3d c8 f1 01 00 f3 0f 10 64 24 0c e9 80 fa
  0x00007f28c2e203f1:   ff ff 66 66 66 66 2e 0f 1f 84 00 00 00 00 00 41
  0x00007f28c2e20401:   57 41 56 41 55 41 54 55 48 89 fd 53 48 81 ec 48
  0x00007f28c2e20411:   01 00 00 48 8d 84 24 30 01 00 00 89 94 24 14 01
  0x00007f28c2e20421:   00 00 48 89 b4 24 08 01 00 00 48 89 c7 48 89 84
  0x00007f28c2e20431:   24 18 01 00 00 e8 f5 97 00 00 48 8d 95 90 41 00
  0x00007f28c2e20441:   00 0f 57 c9 f3 0f 10 15 9f f1 01 00 48 89 94 24
  0x00007f28c2e20451:   e8 00 00 00 83 bc 24 14 01 00 00 00 0f 8e 3a 13
  0x00007f28c2e20461:   00 00 81 bc 24 14 01 00 00 00 08 00 00 bb 00 08
  0x00007f28c2e20471:   00 00 0f 46 9c 24 14 01 00 00 45 31 ed 41 89 de
  0x00007f28c2e20481:   49 c1 e6 02 4c 8b a4 24 e8 00 00 00 31 f6 4c 89
  0x00007f28c2e20491:   f2 f3 0f 11 4c 24 20 f3 0f 11 54 24 10 4b 8d 7c
  0x00007f28c2e204a1:   25 00 49 81 c5 00 20 00 00 e8 99 7d fe ff 49 81
  0x00007f28c2e204b1:   fd 00 20 01 00 f3 0f 10 4c 24 20 f3 0f 10 54 24
  0x00007f28c2e204c1:   10 75 c1 48 8b 85 f8 61 01 00 48 89 ef ff 50 58
=>0x00007f28c2e204d1:   4c 8b b5 f0 61 01 00 f3 0f 10 4c 24 20 f3 0f 10
  0x00007f28c2e204e1:   54 24 10 4d 85 f6 0f 84 8e 12 00 00 f3 0f 11 8c
  0x00007f28c2e204f1:   24 d4 00 00 00 c7 84 24 d8 00 00 00 00 00 00 38
  0x00007f28c2e20501:   4c 89 a4 24 f0 00 00 00 45 8b 6e 7c c7 84 24 e0
  0x00007f28c2e20511:   00 00 00 00 00 00 00 45 85 ed 0f 84 cc 03 00 00
  0x00007f28c2e20521:   49 63 86 88 00 00 00 4d 8b a6 80 00 00 00 4d 8d
  0x00007f28c2e20531:   3c c4 4d 39 fc 75 1a eb 5d 49 83 ef 08 41 83 ae
  0x00007f28c2e20541:   88 00 00 00 01 49 8b 07 4d 39 e7 49 89 04 24 74
  0x00007f28c2e20551:   45 49 8b 3c 24 8b 87 80 00 00 00 3d 12 10 00 00
  0x00007f28c2e20561:   75 d7 45 85 ed 0f 84 f8 02 00 00 89 da 48 89 ee
  0x00007f28c2e20571:   49 83 c4 08 f3 0f 11 4c 24 20 f3 0f 11 54 24 10
  0x00007f28c2e20581:   e8 1a d4 00 00 4d 39 e7 f3 0f 10 54 24 10 f3 0f
  0x00007f28c2e20591:   10 4c 24 20 75 bb 49 63 86 98 00 00 00 4d 8b a6
  0x00007f28c2e205a1:   90 00 00 00 4d 8d 3c c4 4d 39 fc 0f 84 ae 00 00
  0x00007f28c2e205b1:   00 66 0f 1f 44