#
# A fatal error has been detected by the Java Runtime Environment:
#
#  SIGSEGV (0xb) at pc=0x0000000000000000, pid=44673, tid=44722
#
# JRE version: OpenJDK Runtime Environment (26.0.2) (build 26.0.2)
# Java VM: OpenJDK 64-Bit Server VM (26.0.2, mixed mode, sharing, tiered, compressed oops, compressed class ptrs, g1 gc, linux-amd64)
# Problematic frame:
# C  [libopenal64.so+0x204d1]  aluMixData+0xd1
#
# Core dump will be written. Default location: Determined by the following: "/usr/lib/systemd/systemd-coredump %P %u %g %s %t %c %h %d %F %I" (alternatively, falling back to /home/mirtemir/AOC2/AoC II MEGAMOD v6.0/core.44673)
#
# If you would like to submit a bug report, please visit:
#   https://bugreport.java.com/bugreport/crash.jsp
#

---------------  S U M M A R Y ------------

Command Line: BE2.jar

Host: 13th Gen Intel(R) Core(TM) i5-13420H, 12 cores, 15G, CentOS Linux release 7.9.2009 (Core)
Time: Sat Aug 22 01:32:34 2026 +06 elapsed time: 239.473212 seconds (0d 0h 3m 59s)

---------------  T H R E A D  ---------------

Current thread is native thread

Stack: [0x00007f83f81fe000,0x00007f83f82fe000],  sp=0x00007f83f82fcc70,  free space=1019k
Native frames: (J=compiled Java code, j=interpreted, Vv=VM code, C=native code)
C  [libopenal64.so+0x204d1]  aluMixData+0xd1

siginfo: si_signo: 11 (SIGSEGV), si_code: 1 (SEGV_MAPERR), si_addr: 0x0000000000000000

Registers:
RAX=0x00007f83f94577c0, RBX=0x0000000000000400, RCX=0x0000000000000000, RDX=0x00007f84282654f0
RSP=0x00007f83f82fcc68, RBP=0x00007f8428251360, RSI=0x0000000000000000, RDI=0x00007f8428251360
R8 =0x00007f84282696f0, R9 =0x00007f83d8000000, R10=0x00007f83f82fcdb0, R11=0x0000000000000202
R12=0x00007f84282554f0, R13=0x0000000000012000, R14=0x0000000000001000, R15=0x00007f83f82fce18
RIP=0x0000000000000000, EFLAGS=0x0000000000010246, CSGSFS=0x002b000000000033, ERR=0x0000000000000014
  TRAPNO=0x000000000000000e

XMM[0]=0x0000000000000000 0x0000000000000000
XMM[1]=0x0000000000000000 0x0000000000000000
XMM[2]=0x0000000000000000 0x00000000bb800000
XMM[3]=0x0000000000000000 0x0000000038000000
XMM[4]=0x0000000000000000 0x00000000bb800000
XMM[5]=0x0000000000000000 0x000000003ebe37de
XMM[6]=0x0000000000000000 0x000000003ebe37de
XMM[7]=0x0000000000000000 0x00000000442b6666
XMM[8]=0x0000000000000000 0x000000003f800000
XMM[9]=0x0000000000000000 0x0000000080000000
XMM[10]=0x0000000000000000 0x0000000000000000
XMM[11]=0x0000000000000000 0x0000000043aba666
XMM[12]=0x0000000000000000 0x0000000000000000
XMM[13]=0x0000000000000000 0x0000000080000000
XMM[14]=0x0000000000000000 0x0000000080000000
XMM[15]=0x0000000000000000 0x000000003f800000
  MXCSR=0x00009fa2


Top of Stack: (sp=0x00007f83f82fcc68)
0x00007f83f82fcc68:   00007f83f92204d1 00007f83f82fd9c8   .."......./.....
0x00007f83f82fcc78:   0000000000000000 0000564fbb800000   ............OV..
0x00007f83f82fcc88:   00007f83f82fd6c0 00007f8300000000   ../.............
0x00007f83f82fcc98:   00007f842e93f2b2 00007f83f82fd9c8   ........../.....
0x00007f83f82fcca8:   0000000000000000 00007f83d4001ba0   ................
0x00007f83f82fccb8:   00007f83f82fd6c0 0000000000000000   ../.............
0x00007f83f82fccc8:   00007f83f989f409 0000000000000000   ................
0x00007f83f82fccd8:   0000000000002000 0000000000000000   . ..............
0x00007f83f82fcce8:   0000000000000000 00007f842824fe70   ........p.$(....
0x00007f83f82fccf8:   00007f83fa25ff1f 5700000000001805   ..%............W
0x00007f83f82fcd08:   78589d094b344f00 0000000000002000   .O4K..Xx. ......
0x00007f83f82fcd18:   0000000000000000 0000000000002000   ......... ......
0x00007f83f82fcd28:   00007f83f98a286a 00007f842823be50   j(......P.#(....
0x00007f83f82fcd38:   00007f83f98b77db 00007f8300000000   .w..............
0x00007f83f82fcd48:   00007f8300000000 0000000000002000   ......... ......
0x00007f83f82fcd58:   00007f84282554f0 00007f84282554f0   .T%(.....T%(....
0x00007f83f82fcd68:   00007f842e90270a 0000000000002000   .'....... ......
0x00007f83f82fcd78:   00007f83d8000040 00000400f82fce10   @........./.....
0x00007f83f82fcd88:   00007f83f82fcda0 00007f83f98d1940   ../.....@.......
0x00007f83f82fcd98:   00007f83fa26c0e0 00001fa20000037f   ..&.............
0x00007f83f82fcda8:   00007f842824fe70 00007f83f82fce18   p.$(....../.....
0x00007f83f82fcdb8:   0000000000002000 00007f8428242b30   . ......0+$(....
0x00007f83f82fcdc8:   0000000000000000 00007f8428251360   ........`.%(....
0x00007f83f82fcdd8:   0000000000000008 00007f83f82fce18   ........../.....
0x00007f83f82fcde8:   00007f83f9236544 0000000000000000   De#.............
0x00007f83f82fcdf8:   00007f83f82fce10 0000000000002000   ../...... ......
0x00007f83f82fce08:   0000000000006000 00007f83d8000040   .`......@.......
0x00007f83f82fce18:   0000000000002000 0000000000000000   . ..............
0x00007f83f82fce28:   00007f842824fa10 0000000000000021   ..$(....!.......
0x00007f83f82fce38:   00007f842ccf6080 00007f842ccf6270   .`.,....pb.,....
0x00007f83f82fce48:   0000000000000058 00007f842ccf6187   X........a.,....
0x00007f83f82fce58:   00007f83f922973a 00007f83f82fdce4   :."......./.....

Instructions: (pc=0x00007f83f92204d1)
  0x00007f83f92203d1:   00 00 00 00 75 da 44 89 4c 24 0c b8 02 00 00 00
  0x00007f83f92203e1:   4c 8d 3d c8 f1 01 00 f3 0f 10 64 24 0c e9 80 fa
  0x00007f83f92203f1:   ff ff 66 66 66 66 2e 0f 1f 84 00 00 00 00 00 41
  0x00007f83f9220401:   57 41 56 41 55 41 54 55 48 89 fd 53 48 81 ec 48
  0x00007f83f9220411:   01 00 00 48 8d 84 24 30 01 00 00 89 94 24 14 01
  0x00007f83f9220421:   00 00 48 89 b4 24 08 01 00 00 48 89 c7 48 89 84
  0x00007f83f9220431:   24 18 01 00 00 e8 f5 97 00 00 48 8d 95 90 41 00
  0x00007f83f9220441:   00 0f 57 c9 f3 0f 10 15 9f f1 01 00 48 89 94 24
  0x00007f83f9220451:   e8 00 00 00 83 bc 24 14 01 00 00 00 0f 8e 3a 13
  0x00007f83f9220461:   00 00 81 bc 24 14 01 00 00 00 08 00 00 bb 00 08
  0x00007f83f9220471:   00 00 0f 46 9c 24 14 01 00 00 45 31 ed 41 89 de
  0x00007f83f9220481:   49 c1 e6 02 4c 8b a4 24 e8 00 00 00 31 f6 4c 89
  0x00007f83f9220491:   f2 f3 0f 11 4c 24 20 f3 0f 11 54 24 10 4b 8d 7c
  0x00007f83f92204a1:   25 00 49 81 c5 00 20 00 00 e8 99 7d fe ff 49 81
  0x00007f83f92204b1:   fd 00 20 01 00 f3 0f 10 4c 24 20 f3 0f 10 54 24
  0x00007f83f92204c1:   10 75 c1 48 8b 85 f8 61 01 00 48 89 ef ff 50 58
=>0x00007f83f92204d1:   4c 8b b5 f0 61 01 00 f3 0f 10 4c 24 20 f3 0f 10
  0x00007f83f92204e1:   54 24 10 4d 85 f6 0f 84 8e 12 00 00 f3 0f 11 8c
  0x00007f83f92204f1:   24 d4 00 00 00 c7 84 24 d8 00 00 00 00 00 00 38
  0x00007f83f9220501:   4c 89 a4 24 f0 00 00 00 45 8b 6e 7c c7 84 24 e0
  0x00007f83f9220511:   00 00 00 00 00 00 00 45 85 ed 0f 84 cc 03 00 00
  0x00007f83f9220521:   49 63 86 88 00 00 00 4d 8b a6 80 00 00 00 4d 8d
  0x00007f83f9220531:   3c c4 4d 39 fc 75 1a eb 5d 49 83 ef 08 41 83 ae
  0x00007f83f9220541:   88 00 00 00 01 49 8b 07 4d 39 e7 49 89 04 24 74
  0x00007f83f9220551:   45 49 8b 3c 24 8b 87 80 00 00 00 3d 12 10 00 00
  0x00007f83f9220561:   75 d7 45 85 ed 0f 84 f8 02 00 00 89 da 48 89 ee
  0x00007f83f9220571:   49 83 c4 08 f3 0f 11 4c 24 20 f3 0f 11 54 24 10
  0x00007f83f9220581:   e8 1a d4 00 00 4d 39 e7 f3 0f 10 54 24 10 f3 0f
  0x00007f83f9220591:   10 4c 24 20 75 bb 49 63 86 98 00 00 00 4d 8b a6
  0x00007f83f92205a1:   90 00 00 00 4d 8d 3c c4 4d 39 fc 0f 84 ae 00 00
  0x00007f83f92205b1:   00 66 0f 1f 44 00 00 49 8b 14 24 f3 0f 10 1d 24
  0x00007f83f92205c1:   f0 01 00 31 c0 f3 0f 10 82 30 21 00 00 0f 2e d8



---------------  P R O C E S S  ---------------

VM state: at safepoint (shutting down)

VM Mutex/Monitor currently owned by a thread:  ([mutex/lock_event])
[0x00007f842e644278] Threads_lock - owner thread: 0x00007f84280e0420
[0x00007f842e643ff8] Heap_lock - owner thread: 0x0000564f407d5300

Heap address: 0x000000070c000000, size: 3904 MB, Compressed Oops mode: Zero based, Oop shift amount: 3

CDS archive(s) mapped at: [0x0000000011000000-0x0000000011da7000-0x0000000011da7000), size 14315520, SharedBaseAddress: 0x0000000011000000, ArchiveRelocationMode: 1.
Compressed class space mapped at: 0x0000000012000000-0x0000000052000000, reserved size: 1073741824
UseCompressedClassPointers 1, UseCompactObjectHeaders 0
Narrow klass pointer bits 32, Max shift 3
Narrow klass base: 0x0000000011000000, Narrow klass shift: 0
Encoding Range: [0x0000000011000000 - 0x0000000111000000), (4294967296 bytes)
Klass Range:    [0x0000000011000000 - 0x0000000052000000), (1090519040 bytes)
Klass ID Range:  [8 - 1090519033) (1090519025)
Protection zone: [0x0000000011000000 - 0x0000000011001000), (4096 bytes)

GC Precious Log:
<Skipped>

Heap:
 garbage-first heap   total reserved 3997696K, committed 317440K, used 158221K [0x000000070c000000, 0x0000000800000000)
  region size 2M, 26 eden (52M), 3 survivor (6M), 50 old (100M), 0 humongous (0M), 76 free (152M)

Heap Regions: E=young(eden), S=young(survivor), O=old, HS=humongous(starts), HC=humongous(continues), CS=collection set, F=free, TAMS=top-at-mark-start, PB=parsable bottom
|    0|0x000000070c000000, 0x000000070c200000, 0x000000070c200000|100%| O|  |TAMS 0x000000070c000000| PB 0x000000070c000000| Untracked |  0
|    1|0x000000070c200000, 0x000000070c400000, 0x000000070c400000|100%| O|  |TAMS 0x000000070c200000| PB 0x000000070c200000| Untracked |  0
|    2|0x000000070c400000, 0x000000070c600000, 0x000000070c600000|100%| O|  |TAMS 0x000000070c400000| PB 0x000000070c400000| Untracked |  0
|    3|0x000000070c600000, 0x000000070c800000, 0x000000070c800000|100%| O|  |TAMS 0x000000070c600000| PB 0x000000070c600000| Untracked |  0
|    4|0x000000070c800000, 0x000000070ca00000, 0x000000070ca00000|100%| O|  |TAMS 0x000000070c800000| PB 0x000000070c800000| Untracked |  0
|    5|0x000000070ca00000, 0x000000070cc00000, 0x000000070cc00000|100%| O|  |TAMS 0x000000070ca00000| PB 0x000000070ca00000| Untracked |  0
|    6|0x000000070cc00000, 0x000000070ce00000, 0x000000070ce00000|100%| O|  |TAMS 0x000000070cc00000| PB 0x000000070cc00000| Untracked |  0
|    7|0x000000070ce00000, 0x000000070d000000, 0x000000070d000000|100%| O|  |TAMS 0x000000070ce00000| PB 0x000000070ce00000| Untracked |  0
|    8|0x000000070d000000, 0x000000070d200000, 0x000000070d200000|100%| O|  |TAMS 0x000000070d000000| PB 0x000000070d000000| Untracked |  0
|    9|0x000000070d200000, 0x000000070d400000, 0x000000070d400000|100%| O|  |TAMS 0x000000070d200000| PB 0x000000070d200000| Untracked |  0
|   10|0x000000070d400000, 0x000000070d400000, 0x000000070d600000|  0%| F|  |TAMS 0x000000070d400000| PB 0x000000070d400000| Untracked |  0
|   11|0x000000070d600000, 0x000000070d800000, 0x000000070d800000|100%| O|  |TAMS 0x000000070d600000| PB 0x000000070d600000| Untracked |  0
|   12|0x000000070d800000, 0x000000070da00000, 0x000000070da00000|100%| O|  |TAMS 0x000000070d800000| PB 0x000000070d800000| Untracked |  0
|   13|0x000000070da00000, 0x000000070dc00000, 0x000000070dc00000|100%| O|  |TAMS 0x000000070da00000| PB 0x000000070da00000| Untracked |  0
|   14|0x000000070dc00000, 0x000000070de00000, 0x000000070de00000|100%| O|  |TAMS 0x000000070dc00000| PB 0x000000070dc00000| Untracked |  0
|   15|0x000000070de00000, 0x000000070e000000, 0x000000070e000000|100%| O|  |TAMS 0x000000070de00000| PB 0x000000070de00000| Untracked |  0
|   16|0x000000070e000000, 0x000000070e200000, 0x000000070e200000|100%| O|  |TAMS 0x000000070e000000| PB 0x000000070e000000| Untracked |  0
|   17|0x000000070e200000, 0x000000070e400000, 0x000000070e400000|100%| O|  |TAMS 0x000000070e200000| PB 0x000000070e200000| Untracked |  0
|   18|0x000000070e400000, 0x000000070e600000, 0x000000070e600000|100%| O|  |TAMS 0x000000070e400000| PB 0x000000070e400000| Untracked |  0
|   19|0x000000070e600000, 0x000000070e800000, 0x000000070e800000|100%| O|  |TAMS 0x000000070e600000| PB 0x000000070e600000| Untracked |  0
|   20|0x000000070e800000, 0x000000070ea00000, 0x000000070ea00000|100%| O|  |TAMS 0x000000070e800000| PB 0x000000070e800000| Untracked |  0
|   21|0x000000070ea00000, 0x000000070ec00000, 0x000000070ec00000|100%| O|  |TAMS 0x000000070ea00000| PB 0x000000070ea00000| Untracked |  0
|   22|0x000000070ec00000, 0x000000070ee00000, 0x000000070ee00000|100%| O|  |TAMS 0x000000070ec00000| PB 0x000000070ec00000| Untracked |  0
|   23|0x000000070ee00000, 0x000000070f000000, 0x000000070f000000|100%| O|  |TAMS 0x000000070ee00000| PB 0x000000070ee00000| Untracked |  0
|   24|0x000000070f000000, 0x000000070f200000, 0x000000070f200000|100%| O|  |TAMS 0x000000070f000000| PB 0x000000070f000000| Untracked |  0
|   25|0x000000070f200000, 0x000000070f400000, 0x000000070f400000|100%| O|  |TAMS 0x000000070f200000| PB 0x000000070f200000| Untracked |  0
|   26|0x000000070f400000, 0x000000070f600000, 0x000000070f600000|100%| O|  |TAMS 0x000000070f400000| PB 0x000000070f400000| Untracked |  0
|   27|0x000000070f600000, 0x000000070f800000, 0x000000070f800000|100%| O|  |TAMS 0x000000070f600000| PB 0x000000070f600000| Untracked |  0
|   28|0x000000070f800000, 0x000000070fa00000, 0x000000070fa00000|100%| O|  |TAMS 0x000000070f800000| PB 0x000000070f800000| Untracked |  0
|   29|0x000000070fa00000, 0x000000070fc00000, 0x000000070fc00000|100%| O|  |TAMS 0x000000070fa00000| PB 0x000000070fa00000| Untracked |  0
|   30|0x000000070fc00000, 0x000000070fe00000, 0x000000070fe00000|100%| O|  |TAMS 0x000000070fc00000| PB 0x000000070fc00000| Untracked |  0
|   31|0x000000070fe00000, 0x0000000710000000, 0x0000000710000000|100%| O|  |TAMS 0x000000070fe00000| PB 0x000000070fe00000| Untracked |  0
|   32|0x0000000710000000, 0x0000000710200000, 0x0000000710200000|100%| O|  |TAMS 0x0000000710000000| PB 0x0000000710000000| Untracked |  0
|   33|0x0000000710200000, 0x0000000710400000, 0x0000000710400000|100%| O|  |TAMS 0x0000000710200000| PB 0x0000000710200000| Untracked |  0
|   34|0x0000000710400000, 0x0000000710400000, 0x0000000710600000|  0%| F|  |TAMS 0x0000000710400000| PB 0x0000000710400000| Untracked |  0
|   35|0x0000000710600000, 0x0000000710800000, 0x0000000710800000|100%| O|  |TAMS 0x0000000710600000| PB 0x0000000710600000| Untracked |  0
|   36|0x0000000710800000, 0x0000000710a00000, 0x0000000710a00000|100%| O|  |TAMS 0x0000000710800000| PB 0x0000000710800000| Untracked |  0
|   37|0x0000000710a00000, 0x0000000710b4da68, 0x0000000710c00000| 65%| O|  |TAMS 0x0000000710a00000| PB 0x0000000710a00000| Untracked |  0
|   38|0x0000000710c00000, 0x0000000710c00000, 0x0000000710e00000|  0%| F|  |TAMS 0x0000000710c00000| PB 0x0000000710c00000| Untracked |  0
|   39|0x0000000710e00000, 0x0000000711000000, 0x0000000711000000|100%| O|  |TAMS 0x0000000710e00000| PB 0x0000000710e00000| Untracked |  0
|   40|0x0000000711000000, 0x0000000711200000, 0x0000000711200000|100%| O|  |TAMS 0x0000000711000000| PB 0x0000000711000000| Untracked |  0
|   41|0x0000000711200000, 0x0000000711400000, 0x0000000711400000|100%| O|  |TAMS 0x0000000711200000| PB 0x0000000711200000| Untracked |  0
|   42|0x0000000711400000, 0x0000000711600000, 0x0000000711600000|100%| O|  |TAMS 0x0000000711400000| PB 0x0000000711400000| Untracked |  0
|   43|0x0000000711600000, 0x0000000711800000, 0x0000000711800000|100%| O|  |TAMS 0x0000000711600000| PB 0x0000000711600000| Untracked |  0
|   44|0x0000000711800000, 0x0000000711a00000, 0x0000000711a00000|100%| O|  |TAMS 0x0000000711800000| PB 0x0000000711800000| Untracked |  0
|   45|0x0000000711a00000, 0x0000000711c00000, 0x0000000711c00000|100%| O|  |TAMS 0x0000000711a00000| PB 0x0000000711a00000| Untracked |  0
|   46|0x0000000711c00000, 0x0000000711e00000, 0x0000000711e00000|100%| O|  |TAMS 0x0000000711c00000| PB 0x0000000711c00000| Untracked |  0
|   47|0x0000000711e00000, 0x0000000712000000, 0x0000000712000000|100%| O|  |TAMS 0x0000000711e00000| PB 0x0000000711e00000| Untracked |  0
|   48|0x0000000712000000, 0x0000000712200000, 0x0000000712200000|100%| O|  |TAMS 0x0000000712000000| PB 0x0000000712000000| Untracked |  0
|   49|0x0000000712200000, 0x0000000712400000, 0x0000000712400000|100%| O|  |TAMS 0x0000000712200000| PB 0x0000000712200000| Untracked |  0
|   50|0x0000000712400000, 0x0000000712600000, 0x0000000712600000|100%| O|  |TAMS 0x0000000712400000| PB 0x0000000712400000| Untracked |  0
|   51|0x0000000712600000, 0x0000000712600000, 0x0000000712800000|  0%| F|  |TAMS 0x0000000712600000| PB 0x0000000712600000| Untracked |  0
|   52|0x0000000712800000, 0x0000000712800000, 0x0000000712a00000|  0%| F|  |TAMS 0x0000000712800000| PB 0x0000000712800000| Untracked |  0
|   53|0x0000000712a00000, 0x0000000712a00000, 0x0000000712c00000|  0%| F|  |TAMS 0x0000000712a00000| PB 0x0000000712a00000| Untracked |  0
|   54|0x0000000712c00000, 0x0000000712c00000, 0x0000000712e00000|  0%| F|  |TAMS 0x0000000712c00000| PB 0x0000000712c00000| Untracked |  0
|   55|0x0000000712e00000, 0x0000000712e00000, 0x0000000713000000|  0%| F|  |TAMS 0x0000000712e00000| PB 0x0000000712e00000| Untracked |  0
|   56|0x0000000713000000, 0x0000000713000000, 0x0000000713200000|  0%| F|  |TAMS 0x0000000713000000| PB 0x0000000713000000| Untracked |  0
|   57|0x0000000713200000, 0x0000000713200000, 0x0000000713400000|  0%| F|  |TAMS 0x0000000713200000| PB 0x0000000713200000| Untracked |  0
|   58|0x0000000713400000, 0x0000000713600000, 0x0000000713600000|100%| O|  |TAMS 0x0000000713400000| PB 0x0000000713400000| Untracked |  0
|   59|0x0000000713600000, 0x0000000713600000, 0x0000000713800000|  0%| F|  |TAMS 0x0000000713600000| PB 0x0000000713600000| Untracked |  0
|   60|0x0000000713800000, 0x0000000713800000, 0x0000000713a00000|  0%| F|  |TAMS 0x0000000713800000| PB 0x0000000713800000| Untracked |  0
|   61|0x0000000713a00000, 0x0000000713b35b10, 0x0000000713c00000| 60%| S|CS|TAMS 0x0000000713a00000| PB 0x0000000713a00000| Complete  |  0
|   62|0x0000000713c00000, 0x0000000713e00000, 0x0000000713e00000|100%| S|CS|TAMS 0x0000000713c00000| PB 0x0000000713c00000| Complete  |  0
|   63|0x0000000713e00000, 0x0000000714000000, 0x0000000714000000|100%| S|CS|TAMS 0x0000000713e00000| PB 0x0000000713e00000| Complete  |  0
|   64|0x0000000714000000, 0x0000000714000000, 0x0000000714200000|  0%| F|  |TAMS 0x0000000714000000| PB 0x0000000714000000| Untracked |  0
|   65|0x0000000714200000, 0x0000000714200000, 0x0000000714400000|  0%| F|  |TAMS 0x0000000714200000| PB 0x0000000714200000| Untracked |  0
|   66|0x0000000714400000, 0x0000000714400000, 0x0000000714600000|  0%| F|  |TAMS 0x0000000714400000| PB 0x0000000714400000| Untracked |  0
|   67|0x0000000714600000, 0x0000000714600000, 0x0000000714800000|  0%| F|  |TAMS 0x0000000714600000| PB 0x0000000714600000| Untracked |  0
|   68|0x0000000714800000, 0x0000000714800000, 0x0000000714a00000|  0%| F|  |TAMS 0x0000000714800000| PB 0x0000000714800000| Untracked |  0
|   69|0x0000000714a00000, 0x0000000714a00000, 0x0000000714c00000|  0%| F|  |TAMS 0x0000000714a00000| PB 0x0000000714a00000| Untracked |  0
|   70|0x0000000714c00000, 0x0000000714c00000, 0x0000000714e00000|  0%| F|  |TAMS 0x0000000714c00000| PB 0x0000000714c00000| Untracked |  0
|   71|0x0000000714e00000, 0x0000000714e00000, 0x0000000715000000|  0%| F|  |TAMS 0x0000000714e00000| PB 0x0000000714e00000| Untracked |  0
|   72|0x0000000715000000, 0x0000000715000000, 0x0000000715200000|  0%| F|  |TAMS 0x0000000715000000| PB 0x0000000715000000| Untracked |  0
|   73|0x0000000715200000, 0x0000000715200000, 0x0000000715400000|  0%| F|  |TAMS 0x0000000715200000| PB 0x0000000715200000| Untracked |  0
|   74|0x0000000715400000, 0x0000000715400000, 0x0000000715600000|  0%| F|  |TAMS 0x0000000715400000| PB 0x0000000715400000| Untracked |  0
|   75|0x0000000715600000, 0x0000000715600000, 0x0000000715800000|  0%| F|  |TAMS 0x0000000715600000| PB 0x0000000715600000| Untracked |  0
|   76|0x0000000715800000, 0x0000000715800000, 0x0000000715a00000|  0%| F|  |TAMS 0x0000000715800000| PB 0x0000000715800000| Untracked |  0
|   77|0x0000000715a00000, 0x0000000715a00000, 0x0000000715c00000|  0%| F|  |TAMS 0x0000000715a00000| PB 0x0000000715a00000| Untracked |  0
|   78|0x0000000715c00000, 0x0000000715c00000, 0x0000000715e00000|  0%| F|  |TAMS 0x0000000715c00000| PB 0x0000000715c00000| Untracked |  0
|   79|0x0000000715e00000, 0x0000000715e00000, 0x0000000716000000|  0%| F|  |TAMS 0x0000000715e00000| PB 0x0000000715e00000| Untracked |  0
|   80|0x0000000716000000, 0x0000000716000000, 0x0000000716200000|  0%| F|  |TAMS 0x0000000716000000| PB 0x0000000716000000| Untracked |  0
|   81|0x0000000716200000, 0x0000000716200000, 0x0000000716400000|  0%| F|  |TAMS 0x0000000716200000| PB 0x0000000716200000| Untracked |  0
|   82|0x0000000716400000, 0x0000000716400000, 0x0000000716600000|  0%| F|  |TAMS 0x0000000716400000| PB 0x0000000716400000| Untracked |  0
|   83|0x0000000716600000, 0x0000000716600000, 0x0000000716800000|  0%| F|  |TAMS 0x0000000716600000| PB 0x0000000716600000| Untracked |  0
|   84|0x0000000716800000, 0x0000000716800000, 0x0000000716a00000|  0%| F|  |TAMS 0x0000000716800000| PB 0x0000000716800000| Untracked |  0
|   85|0x0000000716a00000, 0x0000000716a00000, 0x0000000716c00000|  0%| F|  |TAMS 0x0000000716a00000| PB 0x0000000716a00000| Untracked |  0
|   86|0x0000000716c00000, 0x0000000716c00000, 0x0000000716e00000|  0%| F|  |TAMS 0x0000000716c00000| PB 0x0000000716c00000| Untracked |  0
|   87|0x0000000716e00000, 0x0000000716e00000, 0x0000000717000000|  0%| F|  |TAMS 0x0000000716e00000| PB 0x0000000716e00000| Untracked |  0
|   88|0x0000000717000000, 0x0000000717000000, 0x0000000717200000|  0%| F|  |TAMS 0x0000000717000000| PB 0x0000000717000000| Untracked |  0
|   89|0x0000000717200000, 0x0000000717200000, 0x0000000717400000|  0%| F|  |TAMS 0x0000000717200000| PB 0x0000000717200000| Untracked |  0
|   90|0x0000000717400000, 0x0000000717400000, 0x0000000717600000|  0%| F|  |TAMS 0x0000000717400000| PB 0x0000000717400000| Untracked |  0
|   91|0x0000000717600000, 0x0000000717600000, 0x0000000717800000|  0%| F|  |TAMS 0x0000000717600000| PB 0x0000000717600000| Untracked |  0
|   92|0x0000000717800000, 0x0000000717800000, 0x0000000717a00000|  0%| F|  |TAMS 0x0000000717800000| PB 0x0000000717800000| Untracked |  0
|   93|0x0000000717a00000, 0x0000000717a00000, 0x0000000717c00000|  0%| F|  |TAMS 0x0000000717a00000| PB 0x0000000717a00000| Untracked |  0
|   94|0x0000000717c00000, 0x0000000717c00000, 0x0000000717e00000|  0%| F|  |TAMS 0x0000000717c00000| PB 0x0000000717c00000| Untracked |  0
|   95|0x0000000717e00000, 0x0000000717e00000, 0x0000000718000000|  0%| F|  |TAMS 0x0000000717e00000| PB 0x0000000717e00000| Untracked |  0
|   96|0x0000000718000000, 0x0000000718000000, 0x0000000718200000|  0%| F|  |TAMS 0x0000000718000000| PB 0x0000000718000000| Untracked |  0
|   97|0x0000000718200000, 0x0000000718200000, 0x0000000718400000|  0%| F|  |TAMS 0x0000000718200000| PB 0x0000000718200000| Untracked |  0
|   98|0x0000000718400000, 0x0000000718400000, 0x0000000718600000|  0%| F|  |TAMS 0x0000000718400000| PB 0x0000000718400000| Untracked |  0
|   99|0x0000000718600000, 0x0000000718600000, 0x0000000718800000|  0%| F|  |TAMS 0x0000000718600000| PB 0x0000000718600000| Untracked |  0
|  100|0x0000000718800000, 0x0000000718800000, 0x0000000718a00000|  0%| F|  |TAMS 0x0000000718800000| PB 0x0000000718800000| Untracked |  0
|  101|0x0000000718a00000, 0x0000000718a00000, 0x0000000718c00000|  0%| F|  |TAMS 0x0000000718a00000| PB 0x0000000718a00000| Untracked |  0
|  102|0x0000000718c00000, 0x0000000718c00000, 0x0000000718e00000|  0%| F|  |TAMS 0x0000000718c00000| PB 0x0000000718c00000| Untracked |  0
|  103|0x0000000718e00000, 0x0000000718e00000, 0x0000000719000000|  0%| F|  |TAMS 0x0000000718e00000| PB 0x0000000718e00000| Untracked |  0
|  104|0x0000000719000000, 0x0000000719000000, 0x0000000719200000|  0%| F|  |TAMS 0x0000000719000000| PB 0x0000000719000000| Untracked |  0
|  105|0x0000000719200000, 0x0000000719200000, 0x0000000719400000|  0%| F|  |TAMS 0x0000000719200000| PB 0x0000000719200000| Untracked |  0
|  106|0x0000000719400000, 0x0000000719400000, 0x0000000719600000|  0%| F|  |TAMS 0x0000000719400000| PB 0x0000000719400000| Untracked |  0
|  107|0x0000000719600000, 0x0000000719600000, 0x0000000719800000|  0%| F|  |TAMS 0x0000000719600000| PB 0x0000000719600000| Untracked |  0
|  108|0x0000000719800000, 0x0000000719800000, 0x0000000719a00000|  0%| F|  |TAMS 0x0000000719800000| PB 0x0000000719800000| Untracked |  0
|  109|0x0000000719a00000, 0x0000000719a00000, 0x0000000719c00000|  0%| F|  |TAMS 0x0000000719a00000| PB 0x0000000719a00000| Untracked |  0
|  110|0x0000000719c00000, 0x0000000719c00000, 0x0000000719e00000|  0%| F|  |TAMS 0x0000000719c00000| PB 0x0000000719c00000| Untracked |  0
|  111|0x0000000719e00000, 0x0000000719e00000, 0x000000071a000000|  0%| F|  |TAMS 0x0000000719e00000| PB 0x0000000719e00000| Untracked |  0
|  112|0x000000071a000000, 0x000000071a000000, 0x000000071a200000|  0%| F|  |TAMS 0x000000071a000000| PB 0x000000071a000000| Untracked |  0
|  113|0x000000071a200000, 0x000000071a200000, 0x000000071a400000|  0%| F|  |TAMS 0x000000071a200000| PB 0x000000071a200000| Untracked |  0
|  114|0x000000071a400000, 0x000000071a400000, 0x000000071a600000|  0%| F|  |TAMS 0x000000071a400000| PB 0x000000071a400000| Untracked |  0
|  115|0x000000071a600000, 0x000000071a600000, 0x000000071a800000|  0%| F|  |TAMS 0x000000071a600000| PB 0x000000071a600000| Untracked |  0
|  116|0x000000071a800000, 0x000000071a800000, 0x000000071aa00000|  0%| F|  |TAMS 0x000000071a800000| PB 0x000000071a800000| Untracked |  0
|  117|0x000000071aa00000, 0x000000071aa00000, 0x000000071ac00000|  0%| F|  |TAMS 0x000000071aa00000| PB 0x000000071aa00000| Untracked |  0
|  118|0x000000071ac00000, 0x000000071ac00000, 0x000000071ae00000|  0%| F|  |TAMS 0x000000071ac00000| PB 0x000000071ac00000| Untracked |  0
|  119|0x000000071ae00000, 0x000000071ae00000, 0x000000071b000000|  0%| F|  |TAMS 0x000000071ae00000| PB 0x000000071ae00000| Untracked |  0
|  120|0x000000071b000000, 0x000000071b000000, 0x000000071b200000|  0%| F|  |TAMS 0x000000071b000000| PB 0x000000071b000000| Untracked |  0
|  121|0x000000071b200000, 0x000000071b200000, 0x000000071b400000|  0%| F|  |TAMS 0x000000071b200000| PB 0x000000071b200000| Untracked |  0
|  122|0x000000071b400000, 0x000000071b400000, 0x000000071b600000|  0%| F|  |TAMS 0x000000071b400000| PB 0x000000071b400000| Untracked |  0
|  123|0x000000071b600000, 0x000000071b600000, 0x000000071b800000|  0%| F|  |TAMS 0x000000071b600000| PB 0x000000071b600000| Untracked |  0
|  124|0x000000071b800000, 0x000000071b800000, 0x000000071ba00000|  0%| F|  |TAMS 0x000000071b800000| PB 0x000000071b800000| Untracked |  0
|  125|0x000000071ba00000, 0x000000071ba00000, 0x000000071bc00000|  0%| F|  |TAMS 0x000000071ba00000| PB 0x000000071ba00000| Untracked |  0
|  126|0x000000071bc00000, 0x000000071bc00000, 0x000000071be00000|  0%| F|  |TAMS 0x000000071bc00000| PB 0x000000071bc00000| Untracked |  0
|  127|0x000000071be00000, 0x000000071be00000, 0x000000071c000000|  0%| F|  |TAMS 0x000000071be00000| PB 0x000000071be00000| Untracked |  0
|  128|0x000000071c000000, 0x000000071c100000, 0x000000071c200000| 50%| E|CS|TAMS 0x000000071c000000| PB 0x000000071c000000| Complete  |  0
|  129|0x000000071c200000, 0x000000071c400000, 0x000000071c400000|100%| E|CS|TAMS 0x000000071c200000| PB 0x000000071c200000| Complete  |  0
|  130|0x000000071c400000, 0x000000071c600000, 0x000000071c600000|100%| E|CS|TAMS 0x000000071c400000| PB 0x000000071c400000| Complete  |  0
|  131|0x000000071c600000, 0x000000071c800000, 0x000000071c800000|100%| E|CS|TAMS 0x000000071c600000| PB 0x000000071c600000| Complete  |  0
|  132|0x000000071c800000, 0x000000071ca00000, 0x000000071ca00000|100%| E|CS|TAMS 0x000000071c800000| PB 0x000000071c800000| Complete  |  0
|  133|0x000000071ca00000, 0x000000071cc00000, 0x000000071cc00000|100%| E|CS|TAMS 0x000000071ca00000| PB 0x000000071ca00000| Complete  |  0
|  134|0x000000071cc00000, 0x000000071ce00000, 0x000000071ce00000|100%| E|CS|TAMS 0x000000071cc00000| PB 0x000000071cc00000| Complete  |  0
|  135|0x000000071ce00000, 0x000000071d000000, 0x000000071d000000|100%| E|CS|TAMS 0x000000071ce00000| PB 0x000000071ce00000| Complete  |  0
|  136|0x000000071d000000, 0x000000071d200000, 0x000000071d200000|100%| E|CS|TAMS 0x000000071d000000| PB 0x000000071d000000| Complete  |  0
|  137|0x000000071d200000, 0x000000071d400000, 0x000000071d400000|100%| E|CS|TAMS 0x000000071d200000| PB 0x000000071d200000| Complete  |  0
|  138|0x000000071d400000, 0x000000071d600000, 0x000000071d600000|100%| E|CS|TAMS 0x000000071d400000| PB 0x000000071d400000| Complete  |  0
|  139|0x000000071d600000, 0x000000071d800000, 0x000000071d800000|100%| E|CS|TAMS 0x000000071d600000| PB 0x000000071d600000| Complete  |  0
|  140|0x000000071d800000, 0x000000071da00000, 0x000000071da00000|100%| E|CS|TAMS 0x000000071d800000| PB 0x000000071d800000| Complete  |  0
|  141|0x000000071da00000, 0x000000071dc00000, 0x000000071dc00000|100%| E|CS|TAMS 0x000000071da00000| PB 0x000000071da00000| Complete  |  0
|  142|0x000000071dc00000, 0x000000071de00000, 0x000000071de00000|100%| E|CS|TAMS 0x000000071dc00000| PB 0x000000071dc00000| Complete  |  0
|  143|0x000000071de00000, 0x000000071e000000, 0x000000071e000000|100%| E|CS|TAMS 0x000000071de00000| PB 0x000000071de00000| Complete  |  0
|  144|0x000000071e000000, 0x000000071e200000, 0x000000071e200000|100%| E|CS|TAMS 0x000000071e000000| PB 0x000000071e000000| Complete  |  0
|  145|0x000000071e200000, 0x000000071e400000, 0x000000071e400000|100%| E|CS|TAMS 0x000000071e200000| PB 0x000000071e200000| Complete  |  0
|  146|0x000000071e400000, 0x000000071e600000, 0x000000071e600000|100%| E|CS|TAMS 0x000000071e400000| PB 0x000000071e400000| Complete  |  0
|  147|0x000000071e600000, 0x000000071e800000, 0x000000071e800000|100%| E|CS|TAMS 0x000000071e600000| PB 0x000000071e600000| Complete  |  0
|  148|0x000000071e800000, 0x000000071ea00000, 0x000000071ea00000|100%| E|CS|TAMS 0x000000071e800000| PB 0x000000071e800000| Complete  |  0
|  149|0x000000071ea00000, 0x000000071ec00000, 0x000000071ec00000|100%| E|CS|TAMS 0x000000071ea00000| PB 0x000000071ea00000| Complete  |  0
|  150|0x000000071ec00000, 0x000000071ee00000, 0x000000071ee00000|100%| E|CS|TAMS 0x000000071ec00000| PB 0x000000071ec00000| Complete  |  0
|  151|0x000000071ee00000, 0x000000071f000000, 0x000000071f000000|100%| E|CS|TAMS 0x000000071ee00000| PB 0x000000071ee00000| Complete  |  0
|  152|0x000000071f000000, 0x000000071f200000, 0x000000071f200000|100%| E|CS|TAMS 0x000000071f000000| PB 0x000000071f000000| Complete  |  0
|  153|0x000000071f200000, 0x000000071f400000, 0x000000071f400000|100%| E|CS|TAMS 0x000000071f200000| PB 0x000000071f200000| Complete  |  0
| 1950|0x00000007ffc00000, 0x00000007ffe00000, 0x00000007ffe00000|100%| O|  |TAMS 0x00000007ffc00000| PB 0x00000007ffc00000| Untracked |  0

Card table byte_map: [0x00007f840e71e000,0x00007f840eebe000] _byte_map_base: 0x00007f840aebe000
Refinement table byte_map: [0x00007f840eebe000,0x00007f840f65e000] _byte_map_base: 0x00007f840b65e000

Marking Bits: (CMBitMap*) 0x00007f84280672d0
 Bits: [0x00007f840aa1e000, 0x00007f840e71e000)

Polling page: 0x00007f842eaa5000

Metaspace:
Metaspace        used 25397K, committed 25600K, reserved 1114112K
 class space     used 2118K, committed 2240K, reserved 1048576K

Usage:
  Non-class:     22,73 MB used.
      Class:      2,07 MB used.
       Both:     24,80 MB used.

Virtual space:
  Non-class space:       64,00 MB reserved,      22,81 MB ( 36%) committed,  1 nodes.
      Class space:        1,00 GB reserved,       2,19 MB ( <1%) committed,  1 nodes.
             Both:        1,06 GB reserved,      25,00 MB (  2%) committed. 

Chunk freelists:
   Non-Class:  8,38 MB
       Class:  13,69 MB
        Both:  22,06 MB

MaxMetaspaceSize: unlimited
CompressedClassSpaceSize: 1,00 GB
Initial GC threshold: 21,00 MB
Current GC threshold: 35,75 MB
CDS: on
 - commit_granule_bytes: 65536.
 - commit_granule_words: 8192.
 - virtual_space_node_default_size: 8388608.
 - enlarge_chunks_in_place: 1.
UseCompressedClassPointers 1, UseCompactObjectHeaders 0
Narrow klass pointer bits 32, Max shift 3
Narrow klass base: 0x0000000011000000, Narrow klass shift: 0
Encoding Range: [0x0000000011000000 - 0x0000000111000000), (4294967296 bytes)
Klass Range:    [0x0000000011000000 - 0x0000000052000000), (1090519040 bytes)
Klass ID Range:  [8 - 1090519033) (1090519025)
Protection zone: [0x0000000011000000 - 0x0000000011001000), (4096 bytes)


Internal statistics:

num_allocs_failed_limit: 6.
num_arena_births: 212.
num_arena_deaths: 0.
num_vsnodes_births: 2.
num_vsnodes_deaths: 0.
num_space_committed: 391.
num_space_uncommitted: 0.
num_chunks_returned_to_freelist: 6.
num_chunks_taken_from_freelist: 938.
num_chunk_merges: 6.
num_chunk_splits: 728.
num_chunks_enlarged: 581.
num_inconsistent_stats: 0.

CodeHeap 'non-profiled nmethods': size=120032Kb used=6761Kb max_used=6761Kb free=113270Kb
 bounds [0x00007f84178c8000, 0x00007f8417f68000, 0x00007f841ee00000]
CodeHeap 'profiled nmethods': size=120032Kb used=22159Kb max_used=22159Kb free=97872Kb
 bounds [0x00007f840fdfe000, 0x00007f84113ae000, 0x00007f8417336000]
CodeHeap 'non-nmethods': size=5704Kb used=1841Kb max_used=2042Kb free=3863Kb
 bounds [0x00007f8417336000, 0x00007f84175a6000, 0x00007f84178c8000]
CodeCache: size=245768Kb, used=30761Kb, max_used=30962Kb, free=215005Kb
 total_blobs=6946, nmethods=6097, adapters=754, full_count=0
Compilation: enabled, stopped_count=0, restarted_count=0

Compilation events (20 events):
Event: 171,358 Thread 0x00007f84280f11b0 nmethod 6184 0x00007f8417f4e688 code [0x00007f8417f4e780, 0x00007f8417f4f1d8]
Event: 171,358 Thread 0x00007f84280f11b0 6185       4       age.of.civilizations2.jakowski.lukasz.Menu_InGame$2::draw (681 bytes)
Event: 171,372 Thread 0x00007f83e27264f0 nmethod 6183 0x00007f8417f4f208 code [0x00007f8417f4f320, 0x00007f8417f52008]
Event: 171,372 Thread 0x00007f83e27264f0 6186   !   4       age.of.civilizations2.jakowski.lukasz.Minimap::draw (1917 bytes)
Event: 171,385 Thread 0x00007f84280f11b0 nmethod 6185 0x00007f8417f52088 code [0x00007f8417f521a0, 0x00007f8417f574d8]
Event: 171,397 Thread 0x00007f83e27264f0 nmethod 6186 0x00007f8417f57508 code [0x00007f8417f57620, 0x00007f8417f5a790]
Event: 190,596 Thread 0x00007f84280f11b0 6187       4       age.of.civilizations2.jakowski.lukasz.MenuElement_Hover_v2_Element_Type_Flag::getWidth (21 bytes)
Event: 190,597 Thread 0x00007f84280f11b0 nmethod 6187 0x00007f8417f5a808 code [0x00007f8417f5a900, 0x00007f8417f5a9d0]
Event: 191,079 Thread 0x00007f84280f11b0 6188       4       age.of.civilizations2.jakowski.lukasz.MenuElement_Hover_v2_Element_Type_Space::draw (44 bytes)
Event: 191,082 Thread 0x00007f84280f11b0 nmethod 6188 0x00007f8417f5ab08 code [0x00007f8417f5ac20, 0x00007f8417f5ae28]
Event: 208,579 Thread 0x00007f84280f11b0 6189       4       age.of.civilizations2.jakowski.lukasz.MenuElement::drawMenuElementHover2 (70 bytes)
Event: 208,582 Thread 0x00007f84280f11b0 nmethod 6189 0x00007f8417f5ae88 code [0x00007f8417f5af80, 0x00007f8417f5b1e0]
Event: 212,896 Thread 0x00007f84280f11b0 6190   !   4       age.of.civilizations2.jakowski.lukasz.MenuElement_Hover_v2_Element_Type_Flag::draw (326 bytes)
Event: 212,904 Thread 0x00007f84280f11b0 nmethod 6190 0x00007f8417f5b208 code [0x00007f8417f5b320, 0x00007f8417f5bbc0]
Event: 216,429 Thread 0x00007f84280f11b0 6191       4       age.of.civilizations2.jakowski.lukasz.Province$87::drawArmy (28 bytes)
Event: 216,430 Thread 0x00007f84280f11b0 nmethod 6191 0x00007f8417f5bc08 code [0x00007f8417f5bd00, 0x00007f8417f5be10]
Event: 233,496 Thread 0x00007f84280f11b0 6192       4       age.of.civilizations2.jakowski.lukasz.Game::drawProvinceArmyWithFlag_Active (711 bytes)
Event: 233,503 Thread 0x00007f84280f11b0 nmethod 6192 0x00007f8417f5bf08 code [0x00007f8417f5c020, 0x00007f8417f5c808]
Event: 238,879 Thread 0x00007f84280f11b0 6193   !   4       age.of.civilizations2.jakowski.lukasz.Game::drawCities_ActiveProvince_FogOfWarDiscovery (2675 bytes)
Event: 238,965 Thread 0x00007f84280f11b0 nmethod 6193 0x00007f8417f5c888 code [0x00007f8417f5c9a0, 0x00007f8417f62458]

GC Heap Usage History (20 events):
Event: 26,041 {heap Before GC invocations=32 (full 0):
 garbage-first heap   total reserved 3997696K, committed 331776K, used 281018K [0x000000070c000000, 0x0000000800000000)
  region size 2M, 85 eden (170M), 3 survivor (6M), 51 old (102M), 0 humongous (0M), 23 free (46M)
}
Event: 26,046 {heap After GC invocations=33 (full 0):
 garbage-first heap   total reserved 3997696K, committed 331776K, used 107956K [0x000000070c000000, 0x0000000800000000)
  region size 2M, 0 eden (0M), 3 survivor (6M), 51 old (102M), 0 humongous (0M), 108 free (216M)
}
Event: 27,698 {heap Before GC invocations=34 (full 0):
 garbage-first heap   total reserved 3997696K, committed 331776K, used 298420K [0x000000070c000000, 0x0000000800000000)
  region size 2M, 93 eden (186M), 3 survivor (6M), 51 old (102M), 0 humongous (0M), 15 free (30M)
}
Event: 27,709 {heap After GC invocations=35 (full 0):
 garbage-first heap   total reserved 3997696K, committed 331776K, used 108738K [0x000000070c000000, 0x0000000800000000)
  region size 2M, 0 eden (0M), 3 survivor (6M), 51 old (102M), 0 humongous (0M), 108 free (216M)
}
Event: 45,648 {heap Before GC invocations=35 (full 0):
 garbage-first heap   total reserved 3997696K, committed 331776K, used 301250K [0x000000070c000000, 0x0000000800000000)
  region size 2M, 94 eden (188M), 3 survivor (6M), 51 old (102M), 0 humongous (0M), 14 free (28M)
}
Event: 45,654 {heap After GC invocations=36 (full 0):
 garbage-first heap   total reserved 3997696K, committed 331776K, used 107202K [0x000000070c000000, 0x0000000800000000)
  region size 2M, 0 eden (0M), 3 survivor (6M), 50 old (100M), 0 humongous (0M), 109 free (218M)
}
Event: 61,252 {heap Before GC invocations=36 (full 0):
 garbage-first heap   total reserved 3997696K, committed 331776K, used 299714K [0x000000070c000000, 0x0000000800000000)
  region size 2M, 94 eden (188M), 3 survivor (6M), 50 old (100M), 0 humongous (0M), 15 free (30M)
}
Event: 61,258 {heap After GC invocations=37 (full 0):
 garbage-first heap   total reserved 3997696K, committed 317440K, used 107292K [0x000000070c000000, 0x0000000800000000)
  region size 2M, 0 eden (0M), 3 survivor (6M), 50 old (100M), 0 humongous (0M), 102 free (204M)
}
Event: 82,212 {heap Before GC invocations=37 (full 0):
 garbage-first heap   total reserved 3997696K, committed 317440K, used 291612K [0x000000070c000000, 0x0000000800000000)
  region size 2M, 90 eden (180M), 3 survivor (6M), 50 old (100M), 0 humongous (0M), 12 free (24M)
}
Event: 82,217 {heap After GC invocations=38 (full 0):
 garbage-first heap   total reserved 3997696K, committed 317440K, used 107053K [0x000000070c000000, 0x0000000800000000)
  region size 2M, 0 eden (0M), 3 survivor (6M), 50 old (100M), 0 humongous (0M), 102 free (204M)
}
Event: 112,296 {heap Before GC invocations=38 (full 0):
 garbage-first heap   total reserved 3997696K, committed 317440K, used 291373K [0x000000070c000000, 0x0000000800000000)
  region size 2M, 90 eden (180M), 3 survivor (6M), 50 old (100M), 0 humongous (0M), 12 free (24M)
}
Event: 112,301 {heap After GC invocations=39 (full 0):
 garbage-first heap   total reserved 3997696K, committed 317440K, used 107296K [0x000000070c000000, 0x0000000800000000)
  region size 2M, 0 eden (0M), 3 survivor (6M), 50 old (100M), 0 humongous (0M), 102 free (204M)
}
Event: 142,562 {heap Before GC invocations=39 (full 0):
 garbage-first heap   total reserved 3997696K, committed 317440K, used 291616K [0x000000070c000000, 0x0000000800000000)
  region size 2M, 90 eden (180M), 3 survivor (6M), 50 old (100M), 0 humongous (0M), 12 free (24M)
}
Event: 142,567 {heap After GC invocations=40 (full 0):
 garbage-first heap   total reserved 3997696K, committed 317440K, used 107032K [0x000000070c000000, 0x0000000800000000)
  region size 2M, 0 eden (0M), 3 survivor (6M), 50 old (100M), 0 humongous (0M), 102 free (204M)
}
Event: 171,528 {heap Before GC invocations=40 (full 0):
 garbage-first heap   total reserved 3997696K, committed 317440K, used 291352K [0x000000070c000000, 0x0000000800000000)
  region size 2M, 90 eden (180M), 3 survivor (6M), 50 old (100M), 0 humongous (0M), 12 free (24M)
}
Event: 171,533 {heap After GC invocations=41 (full 0):
 garbage-first heap   total reserved 3997696K, committed 317440K, used 107025K [0x000000070c000000, 0x0000000800000000)
  region size 2M, 0 eden (0M), 3 survivor (6M), 50 old (100M), 0 humongous (0M), 102 free (204M)
}
Event: 201,629 {heap Before GC invocations=41 (full 0):
 garbage-first heap   total reserved 3997696K, committed 317440K, used 291345K [0x000000070c000000, 0x0000000800000000)
  region size 2M, 90 eden (180M), 3 survivor (6M), 50 old (100M), 0 humongous (0M), 12 free (24M)
}
Event: 201,635 {heap After GC invocations=42 (full 0):
 garbage-first heap   total reserved 3997696K, committed 317440K, used 107342K [0x000000070c000000, 0x0000000800000000)
  region size 2M, 0 eden (0M), 3 survivor (6M), 50 old (100M), 0 humongous (0M), 102 free (204M)
}
Event: 231,762 {heap Before GC invocations=42 (full 0):
 garbage-first heap   total reserved 3997696K, committed 317440K, used 291662K [0x000000070c000000, 0x0000000800000000)
  region size 2M, 90 eden (180M), 3 survivor (6M), 50 old (100M), 0 humongous (0M), 12 free (24M)
}
Event: 231,767 {heap After GC invocations=43 (full 0):
 garbage-first heap   total reserved 3997696K, committed 317440K, used 107021K [0x000000070c000000, 0x0000000800000000)
  region size 2M, 0 eden (0M), 3 survivor (6M), 50 old (100M), 0 humongous (0M), 102 free (204M)
}

Metaspace Usage History (20 events):
Event: 26,041 {metaspace Before GC invocations=32 (full 0):
 Metaspace       used 21352K, committed 21504K, reserved 1114112K
  class space    used 1873K, committed 1984K, reserved 1048576K
}
Event: 26,046 {metaspace After GC invocations=33 (full 0):
 Metaspace       used 21352K, committed 21504K, reserved 1114112K
  class space    used 1873K, committed 1984K, reserved 1048576K
}
Event: 27,698 {metaspace Before GC invocations=34 (full 0):
 Metaspace       used 22571K, committed 22720K, reserved 1114112K
  class space    used 2034K, committed 2112K, reserved 1048576K
}
Event: 27,709 {metaspace After GC invocations=35 (full 0):
 Metaspace       used 22571K, committed 22720K, reserved 1114112K
  class space    used 2034K, committed 2112K, reserved 1048576K
}
Event: 45,648 {metaspace Before GC invocations=35 (full 0):
 Metaspace       used 24273K, committed 24512K, reserved 1114112K
  class space    used 2102K, committed 2176K, reserved 1048576K
}
Event: 45,654 {metaspace After GC invocations=36 (full 0):
 Metaspace       used 24273K, committed 24512K, reserved 1114112K
  class space    used 2102K, committed 2176K, reserved 1048576K
}
Event: 61,252 {metaspace Before GC invocations=36 (full 0):
 Metaspace       used 24882K, committed 25088K, reserved 1114112K
  class space    used 2105K, committed 2176K, reserved 1048576K
}
Event: 61,258 {metaspace After GC invocations=37 (full 0):
 Metaspace       used 24882K, committed 25088K, reserved 1114112K
  class space    used 2105K, committed 2176K, reserved 1048576K
}
Event: 82,212 {metaspace Before GC invocations=37 (full 0):
 Metaspace       used 25351K, committed 25536K, reserved 1114112K
  class space    used 2115K, committed 2176K, reserved 1048576K
}
Event: 82,217 {metaspace After GC invocations=38 (full 0):
 Metaspace       used 25351K, committed 25536K, reserved 1114112K
  class space    used 2115K, committed 2176K, reserved 1048576K
}
Event: 112,296 {metaspace Before GC invocations=38 (full 0):
 Metaspace       used 25351K, committed 25536K, reserved 1114112K
  class space    used 2115K, committed 2176K, reserved 1048576K
}
Event: 112,301 {metaspace After GC invocations=39 (full 0):
 Metaspace       used 25351K, committed 25536K, reserved 1114112K
  class space    used 2115K, committed 2176K, reserved 1048576K
}
Event: 142,562 {metaspace Before GC invocations=39 (full 0):
 Metaspace       used 25351K, committed 25536K, reserved 1114112K
  class space    used 2115K, committed 2176K, reserved 1048576K
}
Event: 142,567 {metaspace After GC invocations=40 (full 0):
 Metaspace       used 25351K, committed 25536K, reserved 1114112K
  class space    used 2115K, committed 2176K, reserved 1048576K
}
Event: 171,528 {metaspace Before GC invocations=40 (full 0):
 Metaspace       used 25380K, committed 25536K, reserved 1114112K
  class space    used 2115K, committed 2176K, reserved 1048576K
}
Event: 171,533 {metaspace After GC invocations=41 (full 0):
 Metaspace       used 25380K, committed 25536K, reserved 1114112K
  class space    used 2115K, committed 2176K, reserved 1048576K
}
Event: 201,629 {metaspace Before GC invocations=41 (full 0):
 Metaspace       used 25380K, committed 25536K, reserved 1114112K
  class space    used 2115K, committed 2176K, reserved 1048576K
}
Event: 201,635 {metaspace After GC invocations=42 (full 0):
 Metaspace       used 25380K, committed 25536K, reserved 1114112K
  class space    used 2115K, committed 2176K, reserved 1048576K
}
Event: 231,762 {metaspace Before GC invocations=42 (full 0):
 Metaspace       used 25380K, committed 25536K, reserved 1114112K
  class space    used 2115K, committed 2176K, reserved 1048576K
}
Event: 231,767 {metaspace After GC invocations=43 (full 0):
 Metaspace       used 25380K, committed 25536K, reserved 1114112K
  class space    used 2115K, committed 2176K, reserved 1048576K
}

Dll operation events (20 events):
Event: 0,066 Attempting to load shared library /tmp/steamworks4j/1.8.0/libsteam_api.so
Event: 0,066 Loaded shared library /tmp/steamworks4j/1.8.0/libsteam_api.so
Event: 0,068 Attempting to load shared library /tmp/steamworks4j/1.8.0/libsteamworks4j.so
Event: 0,068 Loaded shared library /tmp/steamworks4j/1.8.0/libsteamworks4j.so
Event: 0,081 Attempting to load shared library /tmp/libgdxmirtemir/b793cc16/libgdx64.so
Event: 0,081 Loaded shared library /tmp/libgdxmirtemir/b793cc16/libgdx64.so
Event: 0,097 Attempting to load shared library /usr/lib/jvm/java-26-openjdk/lib/libverify.so
Event: 0,097 Loaded shared library /usr/lib/jvm/java-26-openjdk/lib/libverify.so
Event: 0,107 Attempting to load shared library /usr/lib/jvm/java-26-openjdk/lib/libawt.so
Event: 0,107 Loaded shared library /usr/lib/jvm/java-26-openjdk/lib/libawt.so
Event: 0,109 Attempting to load shared library /usr/lib/jvm/java-26-openjdk/lib/libawt_xawt.so
Event: 0,111 Loaded shared library /usr/lib/jvm/java-26-openjdk/lib/libawt_xawt.so
Event: 0,136 Attempting to load shared library /usr/lib/jvm/java-26-openjdk/lib/libfontmanager.so
Event: 0,138 Loaded shared library /usr/lib/jvm/java-26-openjdk/lib/libfontmanager.so
Event: 0,170 Attempting to load shared library /usr/lib/jvm/java-26-openjdk/lib/libjawt.so
Event: 0,170 Loaded shared library /usr/lib/jvm/java-26-openjdk/lib/libjawt.so
Event: 0,170 Attempting to load shared library /tmp/libgdxmirtemir/31ce78a2/liblwjgl64.so
Event: 0,171 Loaded shared library /tmp/libgdxmirtemir/31ce78a2/liblwjgl64.so
Event: 1,580 Attempting to load shared library /tmp/libgdxmirtemir/125b804a/libgdx-freetype64.so
Event: 1,580 Loaded shared library /tmp/libgdxmirtemir/125b804a/libgdx-freetype64.so

Deoptimization events (20 events):
Event: 157,595 Thread 0x00007f84282db3c0 Uncommon trap: trap_request=0xffffffde fr.pc=0x00007f8417c66250 relative=0x0000000000000550
Event: 157,595 Thread 0x00007f84282db3c0 Uncommon trap: reason=class_check action=maybe_recompile pc=0x00007f8417c66250 method=age.of.civilizations2.jakowski.lukasz.CFG.setRender_3(Z)V @ 4 c2
Event: 157,595 Thread 0x00007f84282db3c0 DEOPT PACKING pc=0x00007f8417c66250 sp=0x00007f83f81fb740
Event: 157,595 Thread 0x00007f84282db3c0 DEOPT UNPACKING pc=0x00007f841745aaf9 sp=0x00007f83f81fb688 mode 2
Event: 157,596 Thread 0x00007f84282db3c0 Uncommon trap: trap_request=0xffffffde fr.pc=0x00007f8417c52988 relative=0x0000000000001788
Event: 157,596 Thread 0x00007f84282db3c0 Uncommon trap: reason=class_check action=maybe_recompile pc=0x00007f8417c52988 method=age.of.civilizations2.jakowski.lukasz.CFG.setRender_3(Z)V @ 4 c2
Event: 157,596 Thread 0x00007f84282db3c0 DEOPT PACKING pc=0x00007f8417c52988 sp=0x00007f83f81fb7c0
Event: 157,596 Thread 0x00007f84282db3c0 DEOPT UNPACKING pc=0x00007f841745aaf9 sp=0x00007f83f81fb630 mode 2
Event: 157,596 Thread 0x00007f84282db3c0 Uncommon trap: trap_request=0xffffffde fr.pc=0x00007f8417c5019c relative=0x000000000000141c
Event: 157,596 Thread 0x00007f84282db3c0 Uncommon trap: reason=class_check action=maybe_recompile pc=0x00007f8417c5019c method=age.of.civilizations2.jakowski.lukasz.CFG.setRender_3(Z)V @ 4 c2
Event: 157,596 Thread 0x00007f84282db3c0 DEOPT PACKING pc=0x00007f8417c5019c sp=0x00007f83f81fb720
Event: 157,596 Thread 0x00007f84282db3c0 DEOPT UNPACKING pc=0x00007f841745aaf9 sp=0x00007f83f81fb620 mode 2
Event: 157,596 Thread 0x00007f84282db3c0 Uncommon trap: trap_request=0xffffffde fr.pc=0x00007f8417bf1a1c relative=0x000000000000069c
Event: 157,596 Thread 0x00007f84282db3c0 Uncommon trap: reason=class_check action=maybe_recompile pc=0x00007f8417bf1a1c method=age.of.civilizations2.jakowski.lukasz.CFG.setRender_3(Z)V @ 4 c2
Event: 157,596 Thread 0x00007f84282db3c0 DEOPT PACKING pc=0x00007f8417bf1a1c sp=0x00007f83f81fb6c0
Event: 157,596 Thread 0x00007f84282db3c0 DEOPT UNPACKING pc=0x00007f841745aaf9 sp=0x00007f83f81fb620 mode 2
Event: 239,308 Thread 0x0000564f407d5300 Uncommon trap: trap_request=0xffffff45 fr.pc=0x00007f8417a01a5c relative=0x000000000000005c
Event: 239,308 Thread 0x0000564f407d5300 Uncommon trap: reason=unstable_if action=reinterpret pc=0x00007f8417a01a5c method=jdk.internal.logger.LazyLoggers$LazyLoggerAccessor.wrapped()Ljava/lang/System$Logger; @ 6 c2
Event: 239,308 Thread 0x0000564f407d5300 DEOPT PACKING pc=0x00007f8417a01a5c sp=0x00007f83bc6636f0
Event: 239,308 Thread 0x0000564f407d5300 DEOPT UNPACKING pc=0x00007f841745aaf9 sp=0x00007f83bc663690 mode 2

Classes loaded (20 events):
Event: 29,600 Loading class java/util/stream/Sink$OfDouble
Event: 29,600 Loading class java/util/stream/Sink$OfDouble done
Event: 29,600 Loading class java/util/stream/Node$Builder$OfDouble done
Event: 29,600 Loading class java/util/stream/Nodes$DoubleArrayNode
Event: 29,600 Loading class java/util/stream/Nodes$DoubleArrayNode done
Event: 29,600 Loading class java/util/stream/Nodes$DoubleFixedNodeBuilder done
Event: 29,600 Loading class java/util/stream/ReferencePipeline$6$1
Event: 29,601 Loading class java/util/stream/ReferencePipeline$6$1 done
Event: 29,603 Loading class java/math/BigDecimal
Event: 29,604 Loading class java/math/BigDecimal done
Event: 29,604 Loading class java/text/FieldPosition$Delegate
Event: 29,604 Loading class java/text/FieldPosition$Delegate done
Event: 239,308 Loading class jdk/internal/misc/Signal$1
Event: 239,308 Loading class jdk/internal/misc/Signal$1 done
Event: 239,308 Loading class sun/awt/X11/XSystemTrayPeer
Event: 239,308 Loading class java/awt/peer/SystemTrayPeer
Event: 239,309 Loading class java/awt/peer/SystemTrayPeer done
Event: 239,309 Loading class sun/awt/X11/XMSelectionListener
Event: 239,310 Loading class sun/awt/X11/XMSelectionListener done
Event: 239,310 Loading class sun/awt/X11/XSystemTrayPeer done

Classes unloaded (0 events):
No events

Classes redefined (0 events):
No events

Internal exceptions (20 events):
Event: 25,251 Thread 0x00007f84282db3c0 Exception <a 'java/lang/ArrayIndexOutOfBoundsException'{0x00000007166ed330}> (0x00000007166ed330) 
thrown [/usr/src/debug/java-openjdk/jdk26u-jdk-26.0.2-10/src/hotspot/share/runtime/sharedRuntime.cpp, line 732]
Event: 25,251 Thread 0x00007f84282db3c0 Exception <a 'java/lang/ArrayIndexOutOfBoundsException'{0x00000007166ed658}> (0x00000007166ed658) 
thrown [/usr/src/debug/java-openjdk/jdk26u-jdk-26.0.2-10/src/hotspot/share/runtime/sharedRuntime.cpp, line 732]
Event: 25,251 Thread 0x00007f84282db3c0 Exception <a 'java/lang/ArrayIndexOutOfBoundsException'{0x00000007166ed980}> (0x00000007166ed980) 
thrown [/usr/src/debug/java-openjdk/jdk26u-jdk-26.0.2-10/src/hotspot/share/runtime/sharedRuntime.cpp, line 732]
Event: 25,251 Thread 0x00007f84282db3c0 Exception <a 'java/lang/ArrayIndexOutOfBoundsException'{0x00000007166edca8}> (0x00000007166edca8) 
thrown [/usr/src/debug/java-openjdk/jdk26u-jdk-26.0.2-10/src/hotspot/share/runtime/sharedRuntime.cpp, line 732]
Event: 25,251 Thread 0x00007f84282db3c0 Exception <a 'java/lang/ArrayIndexOutOfBoundsException'{0x00000007166edfd0}> (0x00000007166edfd0) 
thrown [/usr/src/debug/java-openjdk/jdk26u-jdk-26.0.2-10/src/hotspot/share/runtime/sharedRuntime.cpp, line 732]
Event: 25,251 Thread 0x00007f84282db3c0 Exception <a 'java/lang/ArrayIndexOutOfBoundsException'{0x00000007166ee2f8}> (0x00000007166ee2f8) 
thrown [/usr/src/debug/java-openjdk/jdk26u-jdk-26.0.2-10/src/hotspot/share/runtime/sharedRuntime.cpp, line 732]
Event: 25,251 Thread 0x00007f84282db3c0 Exception <a 'java/lang/ArrayIndexOutOfBoundsException'{0x00000007166ee620}> (0x00000007166ee620) 
thrown [/usr/src/debug/java-openjdk/jdk26u-jdk-26.0.2-10/src/hotspot/share/runtime/sharedRuntime.cpp, line 732]
Event: 25,982 Thread 0x00007f84282db3c0 Exception <a 'java/lang/NullPointerException'{0x0000000715e6a088}> (0x0000000715e6a088) 
thrown [/usr/src/debug/java-openjdk/jdk26u-jdk-26.0.2-10/src/hotspot/share/interpreter/linkResolver.cpp, line 1534]
Event: 27,181 Thread 0x00007f83b9ec8800 Exception <a 'java/lang/NoSuchMethodError'{0x000000071f0e73a0}: 'java.lang.Object java.lang.invoke.DelegatingMethodHandle$Holder.reinvoke_L(java.lang.Object, java.lang.Object, java.lang.Object, float, float)'> (0x000000071f0e73a0) 
thrown [/usr/src/debug/java-openjdk/jdk26u-jdk-26.0.2-10/src/hotspot/share/interpreter/linkResolver.cpp, line 803]
Event: 27,185 Thread 0x00007f83b9ec8800 Exception <a 'java/lang/NoSuchMethodError'{0x000000071ec0ab68}: 'java.lang.Object java.lang.invoke.DirectMethodHandle$Holder.invokeSpecial(java.lang.Object, java.lang.Object, int, java.lang.Object, int)'> (0x000000071ec0ab68) 
thrown [/usr/src/debug/java-openjdk/jdk26u-jdk-26.0.2-10/src/hotspot/share/interpreter/linkResolver.cpp, line 803]
Event: 27,188 Thread 0x00007f83b9ec8800 Exception <a 'java/lang/NoSuchMethodError'{0x000000071ec1af60}: 'java.lang.Object java.lang.invoke.DelegatingMethodHandle$Holder.reinvoke_L(java.lang.Object, java.lang.Object, int, java.lang.Object, int)'> (0x000000071ec1af60) 
thrown [/usr/src/debug/java-openjdk/jdk26u-jdk-26.0.2-10/src/hotspot/share/interpreter/linkResolver.cpp, line 803]
Event: 27,653 Thread 0x00007f84282db3c0 Exception <a 'java/lang/ArrayIndexOutOfBoundsException'{0x00000007170e7850}: Index 1 out of bounds for length 1> (0x00000007170e7850) 
thrown [/usr/src/debug/java-openjdk/jdk26u-jdk-26.0.2-10/src/hotspot/share/interpreter/interpreterRuntime.cpp, line 420]
Event: 27,720 Thread 0x00007f84282db3c0 Implicit null exception at 0x00007f8417b426b5 to 0x00007f8417b43124
Event: 27,720 Thread 0x00007f84282db3c0 Implicit null exception at 0x00007f8410ab11fd to 0x00007f8410ab1614
Event: 27,720 Thread 0x00007f84282db3c0 Exception <a 'java/lang/NullPointerException'{0x00000007fff2a8a0}> (0x00000007fff2a8a0) 
thrown [/usr/src/debug/java-openjdk/jdk26u-jdk-26.0.2-10/src/hotspot/share/runtime/sharedRuntime.cpp, line 732]
Event: 29,598 Thread 0x00007f84282db3c0 Exception <a 'java/lang/NoSuchMethodError'{0x000000071e30d268}: 'double java.lang.invoke.DirectMethodHandle$Holder.invokeStatic(java.lang.Object, java.lang.Object)'> (0x000000071e30d268) 
thrown [/usr/src/debug/java-openjdk/jdk26u-jdk-26.0.2-10/src/hotspot/share/interpreter/linkResolver.cpp, line 803]
Event: 35,319 Thread 0x00007f84282db3c0 Exception <a 'java/lang/NoSuchMethodError'{0x000000071ada9520}: 'java.lang.Object java.lang.invoke.DelegatingMethodHandle$Holder.reinvoke_L(java.lang.Object, java.lang.Object, int, long, int)'> (0x000000071ada9520) 
thrown [/usr/src/debug/java-openjdk/jdk26u-jdk-26.0.2-10/src/hotspot/share/interpreter/linkResolver.cpp, line 803]
Event: 36,333 Thread 0x00007f84282db3c0 Implicit null exception at 0x00007f8417c2e23f to 0x00007f8417c2ea10
Event: 50,001 Thread 0x00007f84282db3c0 Implicit null exception at 0x00007f8417c2e23f to 0x00007f8417c2ea10
Event: 75,457 Thread 0x00007f83bb8ee160 Implicit null exception at 0x00007f84179ffed5 to 0x00007f8417a00898

VM Operations (20 events):
Event: 82,217 Executing safepoint VM operation: G1CollectForAllocation (G1 Evacuation Pause) done
Event: 112,296 Executing safepoint VM operation: G1CollectForAllocation (G1 Evacuation Pause)
Event: 112,301 Executing safepoint VM operation: G1CollectForAllocation (G1 Evacuation Pause) done
Event: 120,053 Executing non-safepoint VM operation: HandshakeAllThreads (DeflationHandshakeClosure)
Event: 120,053 Executing non-safepoint VM operation: HandshakeAllThreads (DeflationHandshakeClosure) done
Event: 120,053 Executing non-safepoint VM operation: RendezvousGCThreads
Event: 120,053 Executing non-safepoint VM operation: RendezvousGCThreads done
Event: 142,562 Executing safepoint VM operation: G1CollectForAllocation (G1 Evacuation Pause)
Event: 142,567 Executing safepoint VM operation: G1CollectForAllocation (G1 Evacuation Pause) done
Event: 171,528 Executing safepoint VM operation: G1CollectForAllocation (G1 Evacuation Pause)
Event: 171,533 Executing safepoint VM operation: G1CollectForAllocation (G1 Evacuation Pause) done
Event: 180,072 Executing non-safepoint VM operation: HandshakeAllThreads (DeflationHandshakeClosure)
Event: 180,072 Executing non-safepoint VM operation: HandshakeAllThreads (DeflationHandshakeClosure) done
Event: 180,072 Executing non-safepoint VM operation: RendezvousGCThreads
Event: 180,072 Executing non-safepoint VM operation: RendezvousGCThreads done
Event: 201,629 Executing safepoint VM operation: G1CollectForAllocation (G1 Evacuation Pause)
Event: 201,635 Executing safepoint VM operation: G1CollectForAllocation (G1 Evacuation Pause) done
Event: 231,762 Executing safepoint VM operation: G1CollectForAllocation (G1 Evacuation Pause)
Event: 231,768 Executing safepoint VM operation: G1CollectForAllocation (G1 Evacuation Pause) done
Event: 239,312 Executing safepoint VM operation: Exit

Memory protections (20 events):
Event: 49,913 Protecting memory [0x00007f83bc565000,0x00007f83bc569000] with protection modes 0
Event: 49,978 Protecting memory [0x00007f83c1bf9000,0x00007f83c1bfd000] with protection modes 0
Event: 49,978 Protecting memory [0x00007f83c1cfa000,0x00007f83c1cfe000] with protection modes 0
Event: 50,085 Protecting memory [0x00007f83bc565000,0x00007f83bc569000] with protection modes 0
Event: 52,151 Protecting memory [0x00007f83c1bf9000,0x00007f83c1bfd000] with protection modes 0
Event: 52,204 Protecting memory [0x00007f83c1cfa000,0x00007f83c1cfe000] with protection modes 0
Event: 52,218 Protecting memory [0x00007f83bc565000,0x00007f83bc569000] with protection modes 0
Event: 52,278 Protecting memory [0x00007f83c1bf9000,0x00007f83c1bfd000] with protection modes 0
Event: 69,169 Protecting memory [0x00007f83c1cfa000,0x00007f83c1cfe000] with protection modes 0
Event: 69,247 Protecting memory [0x00007f83bc565000,0x00007f83bc569000] with protection modes 0
Event: 69,289 Protecting memory [0x00007f83c1bf9000,0x00007f83c1bfd000] with protection modes 0
Event: 69,343 Protecting memory [0x00007f83c1cfa000,0x00007f83c1cfe000] with protection modes 0
Event: 75,452 Protecting memory [0x00007f83f9094000,0x00007f83f9098000] with protection modes 0
Event: 148,213 Protecting memory [0x00007f83f9094000,0x00007f83f9098000] with protection modes 0
Event: 154,272 Protecting memory [0x00007f83bc565000,0x00007f83bc569000] with protection modes 0
Event: 171,354 Protecting memory [0x00007f83bc565000,0x00007f83bc569000] with protection modes 0
Event: 239,308 Protecting memory [0x00007f83bc565000,0x00007f83bc569000] with protection modes 0
Event: 239,308 Protecting memory [0x00007f83c1bf9000,0x00007f83c1bfd000] with protection modes 0
Event: 239,308 Protecting memory [0x00007f83c1cfa000,0x00007f83c1cfe000] with protection modes 0
Event: 239,310 Protecting memory [0x00007f83f9094000,0x00007f83f9098000] with protection modes 0

Nmethod flushes (20 events):
Event: 26,096 Thread 0x00007f84280e0420 flushing  nmethod 0x00007f840fe24c88
Event: 26,096 Thread 0x00007f84280e0420 flushing  nmethod 0x00007f840fe24f88
Event: 26,096 Thread 0x00007f84280e0420 flushing  nmethod 0x00007f840fe25388
Event: 26,096 Thread 0x00007f84280e0420 flushing  nmethod 0x00007f840fe25688
Event: 26,096 Thread 0x00007f84280e0420 flushing  nmethod 0x00007f840fe26208
Event: 26,096 Thread 0x00007f84280e0420 flushing  nmethod 0x00007f840fe39488
Event: 26,096 Thread 0x00007f84280e0420 flushing  nmethod 0x00007f840fe3ae88
Event: 26,096 Thread 0x00007f84280e0420 flushing  nmethod 0x00007f840fe8a488
Event: 26,096 Thread 0x00007f84280e0420 flushing  nmethod 0x00007f840feb6188
Event: 26,096 Thread 0x00007f84280e0420 flushing  nmethod 0x00007f84178cc288
Event: 26,096 Thread 0x00007f84280e0420 flushing  nmethod 0x00007f840fe07608
Event: 26,096 Thread 0x00007f84280e0420 flushing  nmethod 0x00007f840fe07908
Event: 26,096 Thread 0x00007f84280e0420 flushing  nmethod 0x00007f840fe08e08
Event: 26,096 Thread 0x00007f84280e0420 flushing  nmethod 0x00007f840fe09408
Event: 26,096 Thread 0x00007f84280e0420 flushing  nmethod 0x00007f840fe09708
Event: 26,096 Thread 0x00007f84280e0420 flushing  nmethod 0x00007f840fe09a08
Event: 26,096 Thread 0x00007f84280e0420 flushing  nmethod 0x00007f840fe09e88
Event: 26,096 Thread 0x00007f84280e0420 flushing  nmethod 0x00007f840fe0a188
Event: 26,096 Thread 0x00007f84280e0420 flushing  nmethod 0x00007f840fe0a788
Event: 26,096 Thread 0x00007f84280e0420 flushing  nmethod 0x00007f840fe0aa88

Events (20 events):
Event: 69,549 Thread 0x00007f83ba670670 Thread exited: 0x00007f83ba670670
Event: 70,163 Thread 0x00007f83edb424b0 Thread exited: 0x00007f83edb424b0
Event: 70,362 Thread 0x00007f83ecc68070 Thread exited: 0x00007f83ecc68070
Event: 75,452 Thread 0x00007f84282db3c0 Thread added: 0x00007f83bb8ee160
